2025-10-05T15:03:48.793164Z  INFO aranya_daemon: wrote PID file to /run/aranya/run/daemon.pid name="cFS-aranya-daemon"
2025-10-05T15:03:48.794671Z  INFO daemon:load: aranya_daemon::daemon: created directories name="cFS-aranya-daemon"
2025-10-05T15:03:48.794728Z  INFO daemon:load: aranya_daemon::daemon: set up environment name="cFS-aranya-daemon"
2025-10-05T15:03:48.794872Z  INFO daemon:load:load_or_gen_key: aranya_daemon::daemon: generating key name="cFS-aranya-daemon" path="/run/aranya/state/key_wrap_key"
2025-10-05T15:03:48.798280Z  INFO daemon:load: aranya_daemon::daemon: generated key bundle name="cFS-aranya-daemon"
2025-10-05T15:03:48.803117Z  INFO daemon:load: aranya_daemon::daemon: wrote API public key path=/run/aranya/run/api.pk name="cFS-aranya-daemon"
2025-10-05T15:03:48.860012Z  INFO daemon:load: aranya_daemon::daemon: starting QUIC sync server addr=0.0.0.0:9999 name="cFS-aranya-daemon"
2025-10-05T15:03:48.860174Z  INFO daemon:load: aranya_daemon::daemon: set up Aranya device_id=HmJkNM2aKVaDEgYFj7s9oqf65rmrf9hpdyWZGXmHuWNo name="cFS-aranya-daemon"
2025-10-05T15:03:48.860291Z DEBUG daemon:load: aranya_daemon::afc: setting up afc shm write side: Path("/shm_member") name="cFS-aranya-daemon"
2025-10-05T15:03:48.860503Z  INFO aranya_daemon: loaded Aranya daemon
2025-10-05T15:03:48.860669Z  INFO daemon:sync-server:serve: aranya_daemon::sync::task::quic: QUIC sync server listening for incoming connections name="cFS-aranya-daemon" addr=Ok(0.0.0.0:9999)
2025-10-05T15:03:48.860715Z  INFO daemon:api-server: aranya_daemon::api: listening path="/run/aranya/run/uds.sock" name="cFS-aranya-daemon"
2025-10-05T15:04:02.334138Z TRACE daemon:api-server: tarpc::server: Cancellations: Closed, Expired requests: Closed, Inbound: Pending, Overall: Pending name="cFS-aranya-daemon"
2025-10-05T15:04:02.334284Z TRACE daemon:api-server: tarpc::server: poll_flush name="cFS-aranya-daemon"
2025-10-05T15:04:02.334298Z TRACE daemon:api-server: tarpc::server: read pending: true, write pending: true name="cFS-aranya-daemon"
2025-10-05T15:04:02.335256Z TRACE daemon:api-server: tarpc::server: OpenTelemetry subscriber not installed; making unsampled child context. name="cFS-aranya-daemon"
2025-10-05T15:04:02.335279Z  INFO daemon:api-server:RPC: tarpc::server: ReceiveRequest name="cFS-aranya-daemon" rpc.trace_id=00 rpc.deadline=2025-10-05T15:04:12.334732103Z otel.kind="server"
2025-10-05T15:04:02.335287Z  INFO daemon:api-server:RPC: tarpc::server: BeginRequest name="cFS-aranya-daemon" rpc.trace_id=00 rpc.deadline=2025-10-05T15:04:12.334732103Z otel.kind="server"
2025-10-05T15:04:02.335291Z TRACE daemon:api-server: tarpc::server: poll_flush name="cFS-aranya-daemon"
2025-10-05T15:04:02.335294Z TRACE daemon:api-server: tarpc::server: read: Poll::Ready(Some), write: _ name="cFS-aranya-daemon"
2025-10-05T15:04:02.335344Z TRACE daemon:api-server: tarpc::server: Cancellations: Closed, Expired requests: Pending, Inbound: Pending, Overall: Pending name="cFS-aranya-daemon"
2025-10-05T15:04:02.335706Z TRACE daemon:api-server: tarpc::server: poll_flush name="cFS-aranya-daemon"
2025-10-05T15:04:02.335717Z TRACE daemon:api-server: tarpc::server: read pending: true, write pending: true name="cFS-aranya-daemon"
2025-10-05T15:04:02.335916Z  INFO daemon:api-server:RPC: tarpc::server: CompleteRequest name="cFS-aranya-daemon" rpc.trace_id=00 rpc.deadline=2025-10-05T15:04:12.334732103Z otel.kind="server" otel.name="DaemonApi.version"
2025-10-05T15:04:02.335932Z  INFO daemon:api-server:RPC: tarpc::server: BufferResponse name="cFS-aranya-daemon" rpc.trace_id=00 rpc.deadline=2025-10-05T15:04:12.334732103Z otel.kind="server" otel.name="DaemonApi.version"
2025-10-05T15:04:02.335949Z TRACE daemon:api-server: tarpc::server: Cancellations: Closed, Expired requests: Pending, Inbound: Pending, Overall: Pending name="cFS-aranya-daemon"
2025-10-05T15:04:02.335958Z  INFO daemon:api-server:RPC: tarpc::server: SendResponse name="cFS-aranya-daemon" rpc.trace_id=00 rpc.deadline=2025-10-05T15:04:12.334732103Z otel.kind="server" otel.name="DaemonApi.version"
2025-10-05T15:04:02.336013Z TRACE daemon:api-server: tarpc::server: read: _, write: Poll::Ready(Some) name="cFS-aranya-daemon"
2025-10-05T15:04:02.336022Z TRACE daemon:api-server: tarpc::server: Cancellations: Closed, Expired requests: Closed, Inbound: Pending, Overall: Pending name="cFS-aranya-daemon"
2025-10-05T15:04:02.336025Z TRACE daemon:api-server: tarpc::server: poll_flush name="cFS-aranya-daemon"
2025-10-05T15:04:02.336122Z TRACE daemon:api-server: tarpc::server: read pending: true, write pending: true name="cFS-aranya-daemon"
2025-10-05T15:04:02.336251Z TRACE daemon:api-server: tarpc::server: Cancellations: Closed, Expired requests: Closed, Inbound: Pending, Overall: Pending name="cFS-aranya-daemon"
2025-10-05T15:04:02.336335Z TRACE daemon:api-server: tarpc::server: poll_flush name="cFS-aranya-daemon"
2025-10-05T15:04:02.336358Z TRACE daemon:api-server: tarpc::server: read pending: true, write pending: true name="cFS-aranya-daemon"
2025-10-05T15:04:02.820784Z TRACE daemon:api-server: tarpc::server: Cancellations: Closed, Expired requests: Closed, Inbound: Closed, Overall: Closed name="cFS-aranya-daemon"
2025-10-05T15:04:02.820834Z TRACE daemon:api-server: tarpc::server: poll_flush name="cFS-aranya-daemon"
2025-10-05T15:04:02.820848Z TRACE daemon:api-server: tarpc::server: read: Poll::Ready(None), write: Poll::Ready(None) name="cFS-aranya-daemon"



